// Jest Snapshot v1, https://goo.gl/fbAQLP

exports[`AuthScreen wrapper AuthScreen renders correctly, Login form shown, isLoading=false  1`] = `
<SafeAreaView
  style={
    Object {
      "flex": 1,
    }
  }
>
  <KeyboardAwareScrollViewMock
    enableAutomaticScroll={true}
    enableOnAndroid={false}
    enableResetScrollToCoords={true}
    extraHeight={75}
    extraScrollHeight={0}
    keyboardOpeningTime={250}
    keyboardShouldPersistTaps="handled"
    viewIsInsideTabBar={false}
  >
    <Memo(LoginForm)
      errors={Object {}}
      handleInput={[Function]}
      handleLogin={[Function]}
      headerText="Welcome Back"
      isLoading={false}
      loginForm={
        Object {
          "emailAddress": "",
          "password": "",
        }
      }
      submitButtonTestID="SUBMIT_LOGIN"
      submitButtonText="Login"
    />
    <View
      style={
        Object {
          "alignItems": "center",
          "flex": 1,
          "marginTop": 59.21052631578947,
        }
      }
    >
      <Text
        style={
          Object {
            "fontFamily": "Ubuntu-Regular",
            "fontSize": 27.63157894736842,
            "marginBottom": 9.868421052631579,
          }
        }
      >
        Don't have an account?
      </Text>
      <Memo(CustomButton)
        onPress={[Function]}
        testID="SWITCH_FORM"
        text="Create Account"
        textStyle={
          Array [
            Object {
              "color": "#fff",
              "fontFamily": "Ubuntu-Medium",
              "fontSize": 31.57894736842105,
              "textAlign": "center",
            },
            Object {
              "color": "#EAA79E",
            },
          ]
        }
      />
    </View>
  </KeyboardAwareScrollViewMock>
</SafeAreaView>
`;
